20:24:49.553 [background-preinit] INFO  org.hibernate.validator.internal.util.Version - HV000001: Hibernate Validator 6.2.5.Final
20:24:49.590 [main] INFO  com.mdd.admin.LikeAdminApplication - Starting LikeAdminApplication using Java 21.0.12 on angle with PID 33136 (G:\desktop\likeadmin_java-master\server\like-admin\target\like-admin-1.0.0.jar started by 15367 in G:\desktop\likeadmin_java-master)
20:24:49.594 [main] INFO  com.mdd.admin.LikeAdminApplication - The following 1 profile is active: "local"
20:24:51.800 [main] INFO  org.apache.coyote.http11.Http11NioProtocol - Initializing ProtocolHandler ["http-nio-8082"]
20:24:51.802 [main] INFO  org.apache.catalina.core.StandardService - Starting service [Tomcat]
20:24:51.802 [main] INFO  org.apache.catalina.core.StandardEngine - Starting Servlet engine: [Apache Tomcat/9.0.83]
20:24:51.901 [main] INFO  org.apache.catalina.core.ContainerBase.[Tomcat].[localhost].[/] - Initializing Spring embedded WebApplicationContext
20:24:53.293 [main] INFO  org.quartz.impl.StdSchedulerFactory - Using default implementation for ThreadExecutor
20:24:53.371 [main] INFO  org.quartz.core.SchedulerSignalerImpl - Initialized Scheduler Signaller of type: class org.quartz.core.SchedulerSignalerImpl
20:24:53.371 [main] INFO  org.quartz.core.QuartzScheduler - Quartz Scheduler v.2.3.2 created.
20:24:53.383 [main] INFO  org.quartz.simpl.RAMJobStore - RAMJobStore initialized.
20:24:53.387 [main] INFO  org.quartz.core.QuartzScheduler - Scheduler meta-data: Quartz Scheduler (v2.3.2) 'quartzScheduler' with instanceId 'NON_CLUSTERED'
  Scheduler class: 'org.quartz.core.QuartzScheduler' - running locally.
  NOT STARTED.
  Currently in standby mode.
  Number of jobs executed: 0
  Using thread pool 'org.quartz.simpl.SimpleThreadPool' - with 10 threads.
  Using job-store 'org.quartz.simpl.RAMJobStore' - which does not support persistence. and is not clustered.

20:24:53.388 [main] INFO  org.quartz.impl.StdSchedulerFactory - Quartz scheduler 'quartzScheduler' initialized from an externally provided properties instance.
20:24:53.388 [main] INFO  org.quartz.impl.StdSchedulerFactory - Quartz scheduler version: 2.3.2
20:24:53.388 [main] INFO  org.quartz.core.QuartzScheduler - JobFactory set to: org.springframework.scheduling.quartz.SpringBeanJobFactory@6293e39e
20:24:53.645 [main] INFO  com.zaxxer.hikari.HikariDataSource - DateSourceHikariCP - Starting...
20:24:53.897 [main] INFO  com.zaxxer.hikari.HikariDataSource - DateSourceHikariCP - Start completed.
20:24:57.724 [main] INFO  org.apache.coyote.http11.Http11NioProtocol - Starting ProtocolHandler ["http-nio-8082"]
20:24:57.994 [http-nio-8082-exec-1] INFO  org.apache.catalina.core.ContainerBase.[Tomcat].[localhost].[/] - Initializing Spring DispatcherServlet 'dispatcherServlet'
20:24:59.818 [main] INFO  org.quartz.core.QuartzScheduler - Scheduler quartzScheduler_$_NON_CLUSTERED started.
20:24:59.846 [main] INFO  com.mdd.admin.LikeAdminApplication - Started LikeAdminApplication in 10.679 seconds (JVM running for 11.458)
20:43:28.171 [background-preinit] INFO  org.hibernate.validator.internal.util.Version - HV000001: Hibernate Validator 6.2.5.Final
20:43:28.215 [main] INFO  com.mdd.admin.LikeAdminApplication - Starting LikeAdminApplication using Java 21.0.12 on angle with PID 15756 (G:\desktop\likeadmin_java-master\server\like-admin\target\like-admin-1.0.0.jar started by 15367 in G:\desktop\likeadmin_java-master)
20:43:28.221 [main] INFO  com.mdd.admin.LikeAdminApplication - The following 1 profile is active: "local"
20:43:31.192 [main] INFO  org.apache.coyote.http11.Http11NioProtocol - Initializing ProtocolHandler ["http-nio-8082"]
20:43:31.194 [main] INFO  org.apache.catalina.core.StandardService - Starting service [Tomcat]
20:43:31.194 [main] INFO  org.apache.catalina.core.StandardEngine - Starting Servlet engine: [Apache Tomcat/9.0.83]
20:43:31.301 [main] INFO  org.apache.catalina.core.ContainerBase.[Tomcat].[localhost].[/] - Initializing Spring embedded WebApplicationContext
20:43:32.894 [main] INFO  org.quartz.impl.StdSchedulerFactory - Using default implementation for ThreadExecutor
20:43:32.972 [main] INFO  org.quartz.core.SchedulerSignalerImpl - Initialized Scheduler Signaller of type: class org.quartz.core.SchedulerSignalerImpl
20:43:32.972 [main] INFO  org.quartz.core.QuartzScheduler - Quartz Scheduler v.2.3.2 created.
20:43:32.983 [main] INFO  org.quartz.simpl.RAMJobStore - RAMJobStore initialized.
20:43:32.987 [main] INFO  org.quartz.core.QuartzScheduler - Scheduler meta-data: Quartz Scheduler (v2.3.2) 'quartzScheduler' with instanceId 'NON_CLUSTERED'
  Scheduler class: 'org.quartz.core.QuartzScheduler' - running locally.
  NOT STARTED.
  Currently in standby mode.
  Number of jobs executed: 0
  Using thread pool 'org.quartz.simpl.SimpleThreadPool' - with 10 threads.
  Using job-store 'org.quartz.simpl.RAMJobStore' - which does not support persistence. and is not clustered.

20:43:32.989 [main] INFO  org.quartz.impl.StdSchedulerFactory - Quartz scheduler 'quartzScheduler' initialized from an externally provided properties instance.
20:43:32.989 [main] INFO  org.quartz.impl.StdSchedulerFactory - Quartz scheduler version: 2.3.2
20:43:32.989 [main] INFO  org.quartz.core.QuartzScheduler - JobFactory set to: org.springframework.scheduling.quartz.SpringBeanJobFactory@21fdfefc
20:43:33.514 [main] INFO  com.zaxxer.hikari.HikariDataSource - DateSourceHikariCP - Starting...
20:43:33.795 [main] INFO  com.zaxxer.hikari.HikariDataSource - DateSourceHikariCP - Start completed.
20:43:38.875 [main] INFO  org.apache.coyote.http11.Http11NioProtocol - Starting ProtocolHandler ["http-nio-8082"]
20:43:39.281 [http-nio-8082-exec-1] INFO  org.apache.catalina.core.ContainerBase.[Tomcat].[localhost].[/] - Initializing Spring DispatcherServlet 'dispatcherServlet'
20:43:41.418 [main] INFO  org.quartz.core.QuartzScheduler - Scheduler quartzScheduler_$_NON_CLUSTERED started.
20:43:41.450 [main] INFO  com.mdd.admin.LikeAdminApplication - Started LikeAdminApplication in 13.776 seconds (JVM running for 14.835)
21:32:10.526 [DateSourceHikariCP housekeeper] WARN  com.zaxxer.hikari.pool.HikariPool - DateSourceHikariCP - Thread starvation or clock leap detected (housekeeper delta=2m26s97ms257µs1ns).
