Spring Boot Version: 2.7.18
///////////////////////////////////////////////////////
//   _     _ _        _       _           _          //
//  | |   (_) | __   / \   __| |_ __ ___ (_)_ __     //
//  | |   | | |/ /  / _ \ / _` | '_ ` _ \| | '_ \    //
//  | |___| |   <  / ___ \ (_| | | | | | | | | | |   //
//  |_____|_|_|\_\/_/   \_\__,_|_| |_| |_|_|_| |_|   //
//   ^^^^^^^^^^^^^^^^^^^^^^^^^^^^^^^^^^^^^^^^^^^^    //
//       佛祖保佑       永不宕机      永无BUG         //
//////////////////////////////////////////////////////
18:08:03.842 [background-preinit] INFO  org.hibernate.validator.internal.util.Version - HV000001: Hibernate Validator 6.2.5.Final
18:08:03.873 [main] INFO  com.mdd.admin.LikeAdminApplication - Starting LikeAdminApplication using Java 21.0.12 on angle with PID 33688 (G:\desktop\likeadmin_java-master\server\like-admin\target\like-admin-1.0.0.jar started by 15367 in G:\desktop\likeadmin_java-master)
18:08:03.876 [main] INFO  com.mdd.admin.LikeAdminApplication - The following 2 profiles are active: "dev", "local"
18:08:05.352 [main] INFO  org.springframework.boot.web.embedded.tomcat.TomcatWebServer - Tomcat initialized with port(s): 8082 (http)
18:08:05.358 [main] INFO  org.apache.coyote.http11.Http11NioProtocol - Initializing ProtocolHandler ["http-nio-8082"]
18:08:05.360 [main] INFO  org.apache.catalina.core.StandardService - Starting service [Tomcat]
18:08:05.360 [main] INFO  org.apache.catalina.core.StandardEngine - Starting Servlet engine: [Apache Tomcat/9.0.83]
18:08:05.417 [main] INFO  org.apache.catalina.core.ContainerBase.[Tomcat].[localhost].[/] - Initializing Spring embedded WebApplicationContext
18:08:05.417 [main] INFO  org.springframework.boot.web.servlet.context.ServletWebServerApplicationContext - Root WebApplicationContext: initialization completed in 1508 ms
18:08:06.094 [main] INFO  org.quartz.impl.StdSchedulerFactory - Using default implementation for ThreadExecutor
18:08:06.106 [main] INFO  org.quartz.core.SchedulerSignalerImpl - Initialized Scheduler Signaller of type: class org.quartz.core.SchedulerSignalerImpl
18:08:06.108 [main] INFO  org.quartz.core.QuartzScheduler - Quartz Scheduler v.2.3.2 created.
18:08:06.108 [main] INFO  org.quartz.simpl.RAMJobStore - RAMJobStore initialized.
18:08:06.109 [main] INFO  org.quartz.core.QuartzScheduler - Scheduler meta-data: Quartz Scheduler (v2.3.2) 'quartzScheduler' with instanceId 'NON_CLUSTERED'
  Scheduler class: 'org.quartz.core.QuartzScheduler' - running locally.
  NOT STARTED.
  Currently in standby mode.
  Number of jobs executed: 0
  Using thread pool 'org.quartz.simpl.SimpleThreadPool' - with 10 threads.
  Using job-store 'org.quartz.simpl.RAMJobStore' - which does not support persistence. and is not clustered.

18:08:06.110 [main] INFO  org.quartz.impl.StdSchedulerFactory - Quartz scheduler 'quartzScheduler' initialized from an externally provided properties instance.
18:08:06.110 [main] INFO  org.quartz.impl.StdSchedulerFactory - Quartz scheduler version: 2.3.2
18:08:06.110 [main] INFO  org.quartz.core.QuartzScheduler - JobFactory set to: org.springframework.scheduling.quartz.SpringBeanJobFactory@5fad41be
18:08:06.206 [main] INFO  com.zaxxer.hikari.HikariDataSource - DateSourceHikariCP - Starting...
18:08:06.338 [main] INFO  com.zaxxer.hikari.HikariDataSource - DateSourceHikariCP - Start completed.
18:08:08.245 [main] INFO  org.apache.coyote.http11.Http11NioProtocol - Starting ProtocolHandler ["http-nio-8082"]
18:08:08.258 [main] INFO  org.springframework.boot.web.embedded.tomcat.TomcatWebServer - Tomcat started on port(s): 8082 (http) with context path ''
18:08:08.908 [main] INFO  org.springframework.scheduling.quartz.SchedulerFactoryBean - Starting Quartz Scheduler now
18:08:08.908 [main] INFO  org.quartz.core.QuartzScheduler - Scheduler quartzScheduler_$_NON_CLUSTERED started.
18:08:08.918 [main] INFO  com.mdd.admin.LikeAdminApplication - Started LikeAdminApplication in 5.367 seconds (JVM running for 5.873)
18:08:23.606 [http-nio-8082-exec-1] INFO  org.apache.catalina.core.ContainerBase.[Tomcat].[localhost].[/] - Initializing Spring DispatcherServlet 'dispatcherServlet'
18:08:23.608 [http-nio-8082-exec-1] INFO  org.springframework.web.servlet.DispatcherServlet - Initializing Servlet 'dispatcherServlet'
18:08:23.609 [http-nio-8082-exec-1] INFO  org.springframework.web.servlet.DispatcherServlet - Completed initialization in 0 ms
