01:30:26.309 [background-preinit] INFO  org.hibernate.validator.internal.util.Version - HV000001: Hibernate Validator 6.2.5.Final
01:30:26.331 [main] INFO  com.mdd.front.LikeFrontApplication - Starting LikeFrontApplication using Java 21.0.12 on angle with PID 15772 (G:\desktop\likeadmin_java-master\server\like-front\target\classes started by 15367 in G:\desktop\likeadmin_java-master)
01:30:26.333 [main] INFO  com.mdd.front.LikeFrontApplication - The following 2 profiles are active: "dev", "local"
01:30:27.247 [main] INFO  org.apache.coyote.http11.Http11NioProtocol - Initializing ProtocolHandler ["http-nio-8084"]
01:30:27.249 [main] INFO  org.apache.catalina.core.StandardService - Starting service [Tomcat]
01:30:27.249 [main] INFO  org.apache.catalina.core.StandardEngine - Starting Servlet engine: [Apache Tomcat/9.0.83]
01:30:27.324 [main] INFO  org.apache.catalina.core.ContainerBase.[Tomcat].[localhost].[/] - Initializing Spring embedded WebApplicationContext
01:30:27.815 [main] INFO  com.zaxxer.hikari.HikariDataSource - DateSourceHikariCP - Starting...
01:30:27.981 [main] INFO  com.zaxxer.hikari.HikariDataSource - DateSourceHikariCP - Start completed.
01:30:29.210 [main] INFO  org.apache.coyote.http11.Http11NioProtocol - Starting ProtocolHandler ["http-nio-8084"]
01:30:29.484 [main] INFO  com.mdd.front.LikeFrontApplication - Started LikeFrontApplication in 3.445 seconds (JVM running for 4.342)
01:35:06.434 [SpringApplicationShutdownHook] INFO  com.zaxxer.hikari.HikariDataSource - DateSourceHikariCP - Shutdown initiated...
01:35:06.436 [SpringApplicationShutdownHook] INFO  com.zaxxer.hikari.HikariDataSource - DateSourceHikariCP - Shutdown completed.
01:35:09.485 [background-preinit] INFO  org.hibernate.validator.internal.util.Version - HV000001: Hibernate Validator 6.2.5.Final
01:35:09.504 [main] INFO  com.mdd.front.LikeFrontApplication - Starting LikeFrontApplication using Java 21.0.12 on angle with PID 25428 (G:\desktop\likeadmin_java-master\server\like-front\target\classes started by 15367 in G:\desktop\likeadmin_java-master)
01:35:09.506 [main] INFO  com.mdd.front.LikeFrontApplication - The following 2 profiles are active: "dev", "local"
01:35:10.280 [main] INFO  org.apache.coyote.http11.Http11NioProtocol - Initializing ProtocolHandler ["http-nio-8084"]
01:35:10.281 [main] INFO  org.apache.catalina.core.StandardService - Starting service [Tomcat]
01:35:10.281 [main] INFO  org.apache.catalina.core.StandardEngine - Starting Servlet engine: [Apache Tomcat/9.0.83]
01:35:10.357 [main] INFO  org.apache.catalina.core.ContainerBase.[Tomcat].[localhost].[/] - Initializing Spring embedded WebApplicationContext
01:35:10.789 [main] INFO  com.zaxxer.hikari.HikariDataSource - DateSourceHikariCP - Starting...
01:35:10.883 [main] INFO  com.zaxxer.hikari.HikariDataSource - DateSourceHikariCP - Start completed.
01:35:11.888 [main] INFO  org.apache.coyote.http11.Http11NioProtocol - Starting ProtocolHandler ["http-nio-8084"]
01:35:12.130 [main] INFO  com.mdd.front.LikeFrontApplication - Started LikeFrontApplication in 2.86 seconds (JVM running for 3.276)
01:48:06.232 [SpringApplicationShutdownHook] INFO  com.zaxxer.hikari.HikariDataSource - DateSourceHikariCP - Shutdown initiated...
01:48:06.234 [SpringApplicationShutdownHook] INFO  com.zaxxer.hikari.HikariDataSource - DateSourceHikariCP - Shutdown completed.
01:48:55.625 [background-preinit] INFO  org.hibernate.validator.internal.util.Version - HV000001: Hibernate Validator 6.2.5.Final
01:48:55.646 [main] INFO  com.mdd.front.LikeFrontApplication - Starting LikeFrontApplication using Java 21.0.12 on angle with PID 24676 (G:\desktop\likeadmin_java-master\server\like-front\target\classes started by 15367 in G:\desktop\likeadmin_java-master)
01:48:55.648 [main] INFO  com.mdd.front.LikeFrontApplication - The following 2 profiles are active: "dev", "local"
01:48:56.348 [main] INFO  org.apache.coyote.http11.Http11NioProtocol - Initializing ProtocolHandler ["http-nio-8084"]
01:48:56.349 [main] INFO  org.apache.catalina.core.StandardService - Starting service [Tomcat]
01:48:56.349 [main] INFO  org.apache.catalina.core.StandardEngine - Starting Servlet engine: [Apache Tomcat/9.0.83]
01:48:56.416 [main] INFO  org.apache.catalina.core.ContainerBase.[Tomcat].[localhost].[/] - Initializing Spring embedded WebApplicationContext
01:48:56.817 [main] INFO  com.zaxxer.hikari.HikariDataSource - DateSourceHikariCP - Starting...
01:48:56.907 [main] INFO  com.zaxxer.hikari.HikariDataSource - DateSourceHikariCP - Start completed.
01:48:57.844 [main] INFO  org.apache.coyote.http11.Http11NioProtocol - Starting ProtocolHandler ["http-nio-8084"]
01:48:58.067 [main] INFO  com.mdd.front.LikeFrontApplication - Started LikeFrontApplication in 2.659 seconds (JVM running for 3.08)
02:29:34.491 [SpringApplicationShutdownHook] INFO  com.zaxxer.hikari.HikariDataSource - DateSourceHikariCP - Shutdown initiated...
02:29:34.492 [SpringApplicationShutdownHook] INFO  com.zaxxer.hikari.HikariDataSource - DateSourceHikariCP - Shutdown completed.
11:49:26.934 [background-preinit] INFO  org.hibernate.validator.internal.util.Version - HV000001: Hibernate Validator 6.2.5.Final
11:49:26.956 [main] INFO  com.mdd.front.LikeFrontApplication - Starting LikeFrontApplication using Java 21.0.12 on angle with PID 10068 (G:\desktop\likeadmin_java-master\server\like-front\target\classes started by 15367 in G:\desktop\likeadmin_java-master)
11:49:26.958 [main] INFO  com.mdd.front.LikeFrontApplication - The following 2 profiles are active: "dev", "local"
11:49:27.857 [main] INFO  org.apache.coyote.http11.Http11NioProtocol - Initializing ProtocolHandler ["http-nio-8084"]
11:49:27.858 [main] INFO  org.apache.catalina.core.StandardService - Starting service [Tomcat]
11:49:27.858 [main] INFO  org.apache.catalina.core.StandardEngine - Starting Servlet engine: [Apache Tomcat/9.0.83]
11:49:27.936 [main] INFO  org.apache.catalina.core.ContainerBase.[Tomcat].[localhost].[/] - Initializing Spring embedded WebApplicationContext
11:49:28.392 [main] INFO  com.zaxxer.hikari.HikariDataSource - DateSourceHikariCP - Starting...
11:49:28.502 [main] INFO  com.zaxxer.hikari.HikariDataSource - DateSourceHikariCP - Start completed.
11:49:29.770 [main] INFO  org.apache.coyote.http11.Http11NioProtocol - Starting ProtocolHandler ["http-nio-8084"]
11:49:30.086 [main] INFO  com.mdd.front.LikeFrontApplication - Started LikeFrontApplication in 3.458 seconds (JVM running for 11.94)
12:09:28.640 [SpringApplicationShutdownHook] INFO  com.zaxxer.hikari.HikariDataSource - DateSourceHikariCP - Shutdown initiated...
12:09:28.642 [SpringApplicationShutdownHook] INFO  com.zaxxer.hikari.HikariDataSource - DateSourceHikariCP - Shutdown completed.
12:09:30.284 [background-preinit] INFO  org.hibernate.validator.internal.util.Version - HV000001: Hibernate Validator 6.2.5.Final
12:09:30.306 [main] INFO  com.mdd.front.LikeFrontApplication - Starting LikeFrontApplication using Java 21.0.12 on angle with PID 13936 (G:\desktop\likeadmin_java-master\server\like-front\target\classes started by 15367 in G:\desktop\likeadmin_java-master)
12:09:30.307 [main] INFO  com.mdd.front.LikeFrontApplication - The following 2 profiles are active: "dev", "local"
12:09:31.051 [main] INFO  org.apache.coyote.http11.Http11NioProtocol - Initializing ProtocolHandler ["http-nio-8084"]
12:09:31.051 [main] INFO  org.apache.catalina.core.StandardService - Starting service [Tomcat]
12:09:31.051 [main] INFO  org.apache.catalina.core.StandardEngine - Starting Servlet engine: [Apache Tomcat/9.0.83]
12:09:31.117 [main] INFO  org.apache.catalina.core.ContainerBase.[Tomcat].[localhost].[/] - Initializing Spring embedded WebApplicationContext
12:09:31.530 [main] INFO  com.zaxxer.hikari.HikariDataSource - DateSourceHikariCP - Starting...
12:09:31.625 [main] INFO  com.zaxxer.hikari.HikariDataSource - DateSourceHikariCP - Start completed.
12:09:32.604 [main] INFO  org.apache.coyote.http11.Http11NioProtocol - Starting ProtocolHandler ["http-nio-8084"]
12:09:32.838 [main] INFO  com.mdd.front.LikeFrontApplication - Started LikeFrontApplication in 2.792 seconds (JVM running for 3.264)
13:08:52.395 [DateSourceHikariCP housekeeper] WARN  com.zaxxer.hikari.pool.HikariPool - DateSourceHikariCP - Thread starvation or clock leap detected (housekeeper delta=5m48s804ms424µs400ns).
14:16:34.363 [DateSourceHikariCP housekeeper] WARN  com.zaxxer.hikari.pool.HikariPool - DateSourceHikariCP - Thread starvation or clock leap detected (housekeeper delta=1h41s853ms390µs800ns).
14:17:03.817 [SpringApplicationShutdownHook] INFO  com.zaxxer.hikari.HikariDataSource - DateSourceHikariCP - Shutdown initiated...
14:17:03.819 [SpringApplicationShutdownHook] INFO  com.zaxxer.hikari.HikariDataSource - DateSourceHikariCP - Shutdown completed.
14:33:52.134 [background-preinit] INFO  org.hibernate.validator.internal.util.Version - HV000001: Hibernate Validator 6.2.5.Final
14:33:52.154 [main] INFO  com.mdd.front.LikeFrontApplication - Starting LikeFrontApplication using Java 21.0.12 on angle with PID 3284 (G:\desktop\likeadmin_java-master\server\like-front\target\classes started by 15367 in G:\desktop\likeadmin_java-master)
14:33:52.156 [main] INFO  com.mdd.front.LikeFrontApplication - The following 2 profiles are active: "dev", "local"
14:33:53.112 [main] INFO  org.apache.coyote.http11.Http11NioProtocol - Initializing ProtocolHandler ["http-nio-8084"]
14:33:53.113 [main] INFO  org.apache.catalina.core.StandardService - Starting service [Tomcat]
14:33:53.113 [main] INFO  org.apache.catalina.core.StandardEngine - Starting Servlet engine: [Apache Tomcat/9.0.83]
14:33:53.197 [main] INFO  org.apache.catalina.core.ContainerBase.[Tomcat].[localhost].[/] - Initializing Spring embedded WebApplicationContext
14:33:53.654 [main] INFO  com.zaxxer.hikari.HikariDataSource - DateSourceHikariCP - Starting...
14:33:53.766 [main] INFO  com.zaxxer.hikari.HikariDataSource - DateSourceHikariCP - Start completed.
14:33:55.007 [main] INFO  org.apache.coyote.http11.Http11NioProtocol - Starting ProtocolHandler ["http-nio-8084"]
14:33:55.272 [main] INFO  com.mdd.front.LikeFrontApplication - Started LikeFrontApplication in 3.41 seconds (JVM running for 4.891)
17:15:31.937 [background-preinit] INFO  org.hibernate.validator.internal.util.Version - HV000001: Hibernate Validator 6.2.5.Final
17:15:31.957 [main] INFO  com.mdd.front.LikeFrontApplication - Starting LikeFrontApplication using Java 21.0.12 on angle with PID 25848 (G:\desktop\likeadmin_java-master\server\like-front\target\classes started by 15367 in G:\desktop\likeadmin_java-master)
17:15:31.959 [main] INFO  com.mdd.front.LikeFrontApplication - The following 2 profiles are active: "dev", "local"
17:15:32.858 [main] INFO  org.apache.coyote.http11.Http11NioProtocol - Initializing ProtocolHandler ["http-nio-8084"]
17:15:32.859 [main] INFO  org.apache.catalina.core.StandardService - Starting service [Tomcat]
17:15:32.859 [main] INFO  org.apache.catalina.core.StandardEngine - Starting Servlet engine: [Apache Tomcat/9.0.83]
17:15:32.942 [main] INFO  org.apache.catalina.core.ContainerBase.[Tomcat].[localhost].[/] - Initializing Spring embedded WebApplicationContext
17:15:33.513 [main] INFO  com.zaxxer.hikari.HikariDataSource - DateSourceHikariCP - Starting...
17:15:33.620 [main] INFO  com.zaxxer.hikari.HikariDataSource - DateSourceHikariCP - Start completed.
17:15:34.782 [main] INFO  org.apache.coyote.http11.Http11NioProtocol - Starting ProtocolHandler ["http-nio-8084"]
17:15:35.095 [main] INFO  com.mdd.front.LikeFrontApplication - Started LikeFrontApplication in 3.406 seconds (JVM running for 3.859)
18:05:22.901 [SpringApplicationShutdownHook] INFO  com.zaxxer.hikari.HikariDataSource - DateSourceHikariCP - Shutdown initiated...
18:05:22.904 [SpringApplicationShutdownHook] INFO  com.zaxxer.hikari.HikariDataSource - DateSourceHikariCP - Shutdown completed.
18:05:26.176 [background-preinit] INFO  org.hibernate.validator.internal.util.Version - HV000001: Hibernate Validator 6.2.5.Final
18:05:26.195 [main] INFO  com.mdd.front.LikeFrontApplication - Starting LikeFrontApplication using Java 21.0.12 on angle with PID 29576 (G:\desktop\likeadmin_java-master\server\like-front\target\classes started by 15367 in G:\desktop\likeadmin_java-master)
18:05:26.197 [main] INFO  com.mdd.front.LikeFrontApplication - The following 2 profiles are active: "dev", "local"
18:05:26.947 [main] INFO  org.apache.coyote.http11.Http11NioProtocol - Initializing ProtocolHandler ["http-nio-8084"]
18:05:26.948 [main] INFO  org.apache.catalina.core.StandardService - Starting service [Tomcat]
18:05:26.948 [main] INFO  org.apache.catalina.core.StandardEngine - Starting Servlet engine: [Apache Tomcat/9.0.83]
18:05:27.014 [main] INFO  org.apache.catalina.core.ContainerBase.[Tomcat].[localhost].[/] - Initializing Spring embedded WebApplicationContext
18:05:27.464 [main] INFO  com.zaxxer.hikari.HikariDataSource - DateSourceHikariCP - Starting...
18:05:27.562 [main] INFO  com.zaxxer.hikari.HikariDataSource - DateSourceHikariCP - Start completed.
18:05:28.573 [main] INFO  org.apache.coyote.http11.Http11NioProtocol - Starting ProtocolHandler ["http-nio-8084"]
18:05:28.826 [main] INFO  com.mdd.front.LikeFrontApplication - Started LikeFrontApplication in 2.869 seconds (JVM running for 3.289)
18:45:45.283 [SpringApplicationShutdownHook] INFO  com.zaxxer.hikari.HikariDataSource - DateSourceHikariCP - Shutdown initiated...
18:45:45.285 [SpringApplicationShutdownHook] INFO  com.zaxxer.hikari.HikariDataSource - DateSourceHikariCP - Shutdown completed.
19:10:19.538 [background-preinit] INFO  org.hibernate.validator.internal.util.Version - HV000001: Hibernate Validator 6.2.5.Final
19:10:19.559 [main] INFO  com.mdd.front.LikeFrontApplication - Starting LikeFrontApplication using Java 21.0.12 on angle with PID 30352 (G:\desktop\likeadmin_java-master\server\like-front\target\classes started by 15367 in G:\desktop\likeadmin_java-master)
19:10:19.561 [main] INFO  com.mdd.front.LikeFrontApplication - The following 2 profiles are active: "dev", "local"
19:10:20.366 [main] INFO  org.apache.coyote.http11.Http11NioProtocol - Initializing ProtocolHandler ["http-nio-8084"]
19:10:20.367 [main] INFO  org.apache.catalina.core.StandardService - Starting service [Tomcat]
19:10:20.367 [main] INFO  org.apache.catalina.core.StandardEngine - Starting Servlet engine: [Apache Tomcat/9.0.83]
19:10:20.446 [main] INFO  org.apache.catalina.core.ContainerBase.[Tomcat].[localhost].[/] - Initializing Spring embedded WebApplicationContext
19:10:20.931 [main] INFO  com.zaxxer.hikari.HikariDataSource - DateSourceHikariCP - Starting...
19:10:21.033 [main] INFO  com.zaxxer.hikari.HikariDataSource - DateSourceHikariCP - Start completed.
19:10:22.227 [main] INFO  org.apache.coyote.http11.Http11NioProtocol - Starting ProtocolHandler ["http-nio-8084"]
19:10:22.561 [main] INFO  com.mdd.front.LikeFrontApplication - Started LikeFrontApplication in 3.284 seconds (JVM running for 3.783)
19:40:41.132 [DateSourceHikariCP housekeeper] WARN  com.zaxxer.hikari.pool.HikariPool - DateSourceHikariCP - Thread starvation or clock leap detected (housekeeper delta=16m19s787ms363µs200ns).
19:55:16.996 [SpringApplicationShutdownHook] INFO  com.zaxxer.hikari.HikariDataSource - DateSourceHikariCP - Shutdown initiated...
19:55:16.997 [SpringApplicationShutdownHook] INFO  com.zaxxer.hikari.HikariDataSource - DateSourceHikariCP - Shutdown completed.
19:55:18.605 [background-preinit] INFO  org.hibernate.validator.internal.util.Version - HV000001: Hibernate Validator 6.2.5.Final
19:55:18.624 [main] INFO  com.mdd.front.LikeFrontApplication - Starting LikeFrontApplication using Java 21.0.12 on angle with PID 504 (G:\desktop\likeadmin_java-master\server\like-front\target\classes started by 15367 in G:\desktop\likeadmin_java-master)
19:55:18.626 [main] INFO  com.mdd.front.LikeFrontApplication - The following 2 profiles are active: "dev", "local"
19:55:19.375 [main] INFO  org.apache.coyote.http11.Http11NioProtocol - Initializing ProtocolHandler ["http-nio-8084"]
19:55:19.375 [main] INFO  org.apache.catalina.core.StandardService - Starting service [Tomcat]
19:55:19.376 [main] INFO  org.apache.catalina.core.StandardEngine - Starting Servlet engine: [Apache Tomcat/9.0.83]
19:55:19.441 [main] INFO  org.apache.catalina.core.ContainerBase.[Tomcat].[localhost].[/] - Initializing Spring embedded WebApplicationContext
19:55:19.856 [main] INFO  com.zaxxer.hikari.HikariDataSource - DateSourceHikariCP - Starting...
19:55:19.949 [main] INFO  com.zaxxer.hikari.HikariDataSource - DateSourceHikariCP - Start completed.
19:55:20.913 [main] INFO  org.apache.coyote.http11.Http11NioProtocol - Starting ProtocolHandler ["http-nio-8084"]
19:55:21.138 [main] INFO  com.mdd.front.LikeFrontApplication - Started LikeFrontApplication in 2.763 seconds (JVM running for 3.236)
22:04:17.903 [SpringApplicationShutdownHook] INFO  com.zaxxer.hikari.HikariDataSource - DateSourceHikariCP - Shutdown initiated...
22:04:17.905 [SpringApplicationShutdownHook] INFO  com.zaxxer.hikari.HikariDataSource - DateSourceHikariCP - Shutdown completed.
22:04:20.967 [background-preinit] INFO  org.hibernate.validator.internal.util.Version - HV000001: Hibernate Validator 6.2.5.Final
22:04:20.986 [main] INFO  com.mdd.front.LikeFrontApplication - Starting LikeFrontApplication using Java 21.0.12 on angle with PID 28972 (G:\desktop\likeadmin_java-master\server\like-front\target\classes started by 15367 in G:\desktop\likeadmin_java-master)
22:04:20.987 [main] INFO  com.mdd.front.LikeFrontApplication - The following 2 profiles are active: "dev", "local"
22:04:21.710 [main] INFO  org.apache.coyote.http11.Http11NioProtocol - Initializing ProtocolHandler ["http-nio-8084"]
22:04:21.710 [main] INFO  org.apache.catalina.core.StandardService - Starting service [Tomcat]
22:04:21.710 [main] INFO  org.apache.catalina.core.StandardEngine - Starting Servlet engine: [Apache Tomcat/9.0.83]
22:04:21.775 [main] INFO  org.apache.catalina.core.ContainerBase.[Tomcat].[localhost].[/] - Initializing Spring embedded WebApplicationContext
22:04:22.208 [main] INFO  com.zaxxer.hikari.HikariDataSource - DateSourceHikariCP - Starting...
22:04:22.301 [main] INFO  com.zaxxer.hikari.HikariDataSource - DateSourceHikariCP - Start completed.
22:04:23.277 [main] INFO  org.apache.coyote.http11.Http11NioProtocol - Starting ProtocolHandler ["http-nio-8084"]
22:04:23.520 [main] INFO  com.mdd.front.LikeFrontApplication - Started LikeFrontApplication in 2.774 seconds (JVM running for 3.214)
22:19:37.233 [SpringApplicationShutdownHook] INFO  com.zaxxer.hikari.HikariDataSource - DateSourceHikariCP - Shutdown initiated...
22:19:37.235 [SpringApplicationShutdownHook] INFO  com.zaxxer.hikari.HikariDataSource - DateSourceHikariCP - Shutdown completed.
