
> vue-project@0.0.0 dev
> vite --host 0.0.0.0 --port 5173


  [32m[1mVITE[22m v3.0.4[39m  [2mready in [37m[1m472[22m[2m[39m ms[22m

  [32m➜[39m  [1mLocal[22m:   [36mhttp://localhost:[1m5173[22m/[39m
  [32m➜[39m  [1mNetwork[22m: [36mhttp://198.18.0.1:[1m5173[22m/[39m
  [32m➜[39m  [1mNetwork[22m: [36mhttp://192.168.31.169:[1m5173[22m/[39m
[2m14:23:03[22m [36m[1m[vite][22m[39m [32m✨ new dependencies optimized: [33melement-plus/es/components/checkbox/style/css, element-plus/es/components/form/style/css, element-plus/es/components/form-item/style/css, element-plus/es/components/input/style/css[32m[39m
[2m14:23:21[22m [36m[1m[vite][22m[39m [32m✨ new dependencies optimized: [33melement-plus/es/components/card/style/css, vue-echarts[32m[39m
[2m14:23:21[22m [36m[1m[vite][22m[39m [32m✨ optimized dependencies changed. reloading[39m
[2m14:26:53[22m [36m[1m[vite][22m[39m [32m✨ new dependencies optimized: [33melement-plus/es/components/loading/style/css, element-plus/es/components/empty/style/css, element-plus/es/components/alert/style/css, element-plus/es/components/tag/style/css[32m[39m
[2m14:27:08[22m [36m[1m[vite][22m[39m [32m✨ new dependencies optimized: [33melement-plus/es/components/radio-group/style/css, element-plus/es/components/radio/style/css, element-plus/es/components/upload/style/css, element-plus/es/components/select/style/css, element-plus/es/components/option/style/css, ...and 1 more[32m[39m
[2m14:27:08[22m [36m[1m[vite][22m[39m [32m✨ optimized dependencies changed. reloading[39m
[2m14:46:18[22m [36m[1m[vite][22m[39m [32mhmr update [39m[2m/src/styles/index.scss[22m
[32mhmr update [39m[2m/src/views/nail/ai/index.vue[22m
[32mhmr update [39m[2m/src/styles/index.scss[22m
[32mhmr update [39m[2m/src/views/nail/assets/index.vue[22m
[32mhmr update [39m[2m/src/styles/index.scss[22m
[2m14:47:01[22m [36m[1m[vite][22m[39m [32mpage reload [39m[2msrc/views/nail/ai/components/TaskRail.vue[22m
[2m14:49:20[22m [36m[1m[vite][22m[39m [32mhmr update [39m[2m/src/views/nail/ai/index.vue[22m
[32mhmr update [39m[2m/src/styles/index.scss[22m
[32mhmr update [39m[2m/src/views/nail/ai/index.vue?vue&type=style&index=0&scoped=c4b343dc&lang.scss[22m
[2m14:51:16[22m [36m[1m[vite][22m[39m [32mpage reload [39m[2msrc/views/nail/ai/detail.vue[22m
[2m14:52:03[22m [36m[1m[vite][22m[39m [32mpage reload [39m[2msrc/views/nail/tasks/index.vue[22m
[2m14:53:09[22m [36m[1m[vite][22m[39m [32mhmr update [39m[2m/src/views/nail/assets/index.vue[22m
[32mhmr update [39m[2m/src/styles/index.scss[22m
[32mhmr update [39m[2m/src/views/nail/assets/index.vue?vue&type=style&index=0&scoped=a2d3d00e&lang.scss[22m
[2m15:18:52[22m [36m[1m[vite][22m[39m [32m✨ new dependencies optimized: [33melement-plus/es/components/table/style/css, element-plus/es/components/table-column/style/css[32m[39m
[2m15:18:52[22m [36m[1m[vite][22m[39m [32m✨ optimized dependencies changed. reloading[39m
[2m15:21:17[22m [36m[1m[vite][22m[39m [32mhmr update [39m[2m/src/views/nail/assets/index.vue[22m
[32mhmr update [39m[2m/src/styles/index.scss[22m
[2m15:29:30[22m [36m[1m[vite][22m[39m [32m✨ new dependencies optimized: [33melement-plus/es/components/radio-button/style/css[32m[39m
[2m15:36:01[22m [36m[1m[vite][22m[39m [32mhmr update [39m[2m/src/views/workbench/index.vue[22m
[32mhmr update [39m[2m/src/styles/index.scss[22m
[2m15:36:27[22m [36m[1m[vite][22m[39m [32mhmr update [39m[2m/src/views/workbench/index.vue[22m
[32mhmr update [39m[2m/src/styles/index.scss[22m
[2m15:37:54[22m [36m[1m[vite][22m[39m [32mhmr update [39m[2m/src/App.vue[22m
[32mhmr update [39m[2m/src/styles/index.scss[22m
[32mhmr update [39m[2m/src/styles/index.scss[22m
[32mhmr update [39m[2m/src/layout/default/components/main.vue[22m
[32mhmr update [39m[2m/src/styles/index.scss[22m
[32mhmr update [39m[2m/src/layout/default/components/sidebar/index.vue[22m
[32mhmr update [39m[2m/src/styles/index.scss[22m
[32mhmr update [39m[2m/src/layout/default/components/header/index.vue[22m
[32mhmr update [39m[2m/src/styles/index.scss[22m
[32mhmr update [39m[2m/src/layout/default/components/setting/index.vue[22m
[32mhmr update [39m[2m/src/styles/index.scss[22m
[32mhmr update [39m[2m/src/layout/default/components/sidebar/side.vue[22m
[32mhmr update [39m[2m/src/styles/index.scss[22m
[32mhmr update [39m[2m/src/styles/index.scss[22m
[32mhmr update [39m[2m/src/layout/default/components/header/multiple-tabs.vue[22m
[32mhmr update [39m[2m/src/styles/index.scss[22m
[32mhmr update [39m[2m/src/layout/default/components/setting/drawer.vue[22m
[32mhmr update [39m[2m/src/styles/index.scss[22m
[2m15:37:54[22m [36m[1m[vite][22m[39m [32mhmr update [39m[2m/src/styles/index.scss[22m
[2m15:37:54[22m [36m[1m[vite][22m[39m [32mhmr update [39m[2m/src/layout/default/components/main.vue[22m
[32mhmr update [39m[2m/src/styles/index.scss[22m
[2m15:37:54[22m [36m[1m[vite][22m[39m [32mhmr update [39m[2m/src/layout/default/components/sidebar/side.vue?vue&type=style&index=0&scoped=36af1740&lang.scss[22m
[2m15:37:54[22m [36m[1m[vite][22m[39m [32mhmr update [39m[2m/src/layout/default/components/header/index.vue?vue&type=style&index=0&lang.scss[22m
[2m15:37:54[22m [36m[1m[vite][22m[39m [32mhmr update [39m[2m/src/styles/index.scss[22m
[2m15:37:54[22m [36m[1m[vite][22m[39m [32mhmr update [39m[2m/src/layout/default/components/sidebar/logo.vue?vue&type=style&index=0&scoped=173c4442&lang.scss[22m
[32mhmr update [39m[2m/src/layout/default/components/sidebar/logo.vue[22m
[32mhmr update [39m[2m/src/styles/index.scss[22m
[2m15:37:54[22m [36m[1m[vite][22m[39m [32mhmr update [39m[2m/src/layout/default/components/sidebar/menu.vue?vue&type=style&index=0&scoped=30b65813&lang.scss[22m
[2m15:37:54[22m [36m[1m[vite][22m[39m [32mhmr update [39m[2m/src/App.vue[22m
[32mhmr update [39m[2m/src/styles/index.scss[22m
[32mhmr update [39m[2m/src/styles/index.scss[22m
[32mhmr update [39m[2m/src/layout/default/components/main.vue[22m
[32mhmr update [39m[2m/src/styles/index.scss[22m
[32mhmr update [39m[2m/src/layout/default/components/sidebar/index.vue[22m
[32mhmr update [39m[2m/src/styles/index.scss[22m
[32mhmr update [39m[2m/src/layout/default/components/header/index.vue[22m
[32mhmr update [39m[2m/src/styles/index.scss[22m
[32mhmr update [39m[2m/src/layout/default/components/setting/index.vue[22m
[32mhmr update [39m[2m/src/styles/index.scss[22m
[32mhmr update [39m[2m/src/layout/default/components/sidebar/side.vue[22m
[32mhmr update [39m[2m/src/styles/index.scss[22m
[32mhmr update [39m[2m/src/styles/index.scss[22m
[32mhmr update [39m[2m/src/layout/default/components/header/multiple-tabs.vue[22m
[32mhmr update [39m[2m/src/styles/index.scss[22m
[32mhmr update [39m[2m/src/layout/default/components/setting/drawer.vue[22m
[32mhmr update [39m[2m/src/styles/index.scss[22m
[32mhmr update [39m[2m/src/styles/index.scss[22m
[2m15:37:54[22m [36m[1m[vite][22m[39m [32mhmr update [39m[2m/src/layout/default/components/header/multiple-tabs.vue?vue&type=style&index=0&scoped=0464436f&lang.scss[22m
[2m15:38:05[22m [36m[1m[vite][22m[39m [32mpage reload [39m[2mindex.html[22m
[2m15:38:47[22m [36m[1m[vite][22m[39m [32mhmr update [39m[2m/src/views/nail/ai/index.vue[22m
[32mhmr update [39m[2m/src/styles/index.scss[22m
[32mhmr update [39m[2m/src/views/nail/ai/index.vue?vue&type=style&index=0&scoped=c4b343dc&lang.scss[22m
[2m15:38:47[22m [36m[1m[vite][22m[39m [32mhmr update [39m[2m/src/views/nail/ai/components/TaskRail.vue?vue&type=style&index=0&scoped=4568db9b&lang.scss[22m
[2m15:38:47[22m [36m[1m[vite][22m[39m [32mhmr update [39m[2m/src/views/nail/ai/detail.vue[22m
[32mhmr update [39m[2m/src/styles/index.scss[22m
[32mhmr update [39m[2m/src/views/nail/ai/detail.vue?vue&type=style&index=0&scoped=2168ae26&lang.scss[22m
[2m15:38:53[22m [36m[1m[vite][22m[39m [32mhmr update [39m[2m/src/styles/index.scss[22m
[2m15:41:04[22m [36m[1m[vite][22m[39m [32mhmr update [39m[2m/src/layout/default/components/sidebar/logo.vue[22m
[32mhmr update [39m[2m/src/styles/index.scss[22m
[2m15:41:46[22m [36m[1m[vite][22m[39m [32mhmr update [39m[2m/src/views/nail/ai/index.vue[22m
[32mhmr update [39m[2m/src/styles/index.scss[22m
[32mhmr update [39m[2m/src/views/nail/ai/index.vue?vue&type=style&index=0&scoped=c4b343dc&lang.scss[22m
[2m15:41:46[22m [36m[1m[vite][22m[39m [32mhmr update [39m[2m/src/views/nail/ai/components/TaskRail.vue?vue&type=style&index=0&scoped=4568db9b&lang.scss[22m
[2m15:41:46[22m [36m[1m[vite][22m[39m [32mhmr update [39m[2m/src/views/nail/ai/detail.vue?vue&type=style&index=0&scoped=2168ae26&lang.scss[22m
[2m15:49:57[22m [36m[1m[vite][22m[39m [32mpage reload [39m[2mindex.html[22m
[2m15:50:49[22m [36m[1m[vite][22m[39m [32mpage reload [39m[2mindex.html[22m
[2m15:52:17[22m [36m[1m[vite][22m[39m [32mhmr update [39m[2m/src/layout/default/components/sidebar/logo.vue[22m
[32mhmr update [39m[2m/src/styles/index.scss[22m
[2m15:52:32[22m [36m[1m[vite][22m[39m [32mpage reload [39m[2mindex.html[22m
[2m15:57:18[22m [36m[1m[vite][22m[39m [32m✨ new dependencies optimized: [33melement-plus/es/components/date-picker/style/css[32m[39m
[2m16:01:07[22m [36m[1m[vite][22m[39m [32mhmr update [39m[2m/src/views/nail/ai/components/TaskRail.vue[22m
[32mhmr update [39m[2m/src/styles/index.scss[22m
[32mhmr update [39m[2m/src/views/nail/ai/components/TaskRail.vue?vue&type=style&index=0&scoped=4568db9b&lang.scss[22m
[2m16:02:58[22m [36m[1m[vite][22m[39m [32mhmr update [39m[2m/src/views/workbench/index.vue[22m
[32mhmr update [39m[2m/src/styles/index.scss[22m
[32mhmr update [39m[2m/src/views/workbench/index.vue?vue&type=style&index=0&scoped=10090bd3&lang.scss[22m
[2m16:02:58[22m [36m[1m[vite][22m[39m [32mhmr update [39m[2m/src/views/nail/ai/detail.vue?vue&type=style&index=0&scoped=2168ae26&lang.scss[22m
