Spring Boot Version: 2.7.18
///////////////////////////////////////////////////////
//   _     _ _        _       _           _          //
//  | |   (_) | __   / \   __| |_ __ ___ (_)_ __     //
//  | |   | | |/ /  / _ \ / _` | '_ ` _ \| | '_ \    //
//  | |___| |   <  / ___ \ (_| | | | | | | | | | |   //
//  |_____|_|_|\_\/_/   \_\__,_|_| |_| |_|_|_| |_|   //
//   ^^^^^^^^^^^^^^^^^^^^^^^^^^^^^^^^^^^^^^^^^^^^    //
//       ·ð×æ±£ÓÓ       ÓÀ²»å´»ú      ÓÀÎÞBUG         //
//////////////////////////////////////////////////////
17:28:46.453 [background-preinit] INFO  org.hibernate.validator.internal.util.Version - HV000001: Hibernate Validator 6.2.5.Final
17:28:46.489 [main] INFO  com.mdd.admin.LikeAdminApplication - Starting LikeAdminApplication using Java 21.0.12 on angle with PID 15536 (G:\desktop\likeadmin_java-master\server\like-admin\target\like-admin-1.0.0.jar started by 15367 in G:\desktop\likeadmin_java-master\server)
17:28:46.491 [main] INFO  com.mdd.admin.LikeAdminApplication - The following 2 profiles are active: "dev", "local"
17:28:48.217 [main] INFO  org.springframework.boot.web.embedded.tomcat.TomcatWebServer - Tomcat initialized with port(s): 8082 (http)
17:28:48.223 [main] INFO  org.apache.coyote.http11.Http11NioProtocol - Initializing ProtocolHandler ["http-nio-8082"]
17:28:48.224 [main] INFO  org.apache.catalina.core.StandardService - Starting service [Tomcat]
17:28:48.224 [main] INFO  org.apache.catalina.core.StandardEngine - Starting Servlet engine: [Apache Tomcat/9.0.83]
17:28:48.284 [main] INFO  org.apache.catalina.core.ContainerBase.[Tomcat].[localhost].[/] - Initializing Spring embedded WebApplicationContext
17:28:48.284 [main] INFO  org.springframework.boot.web.servlet.context.ServletWebServerApplicationContext - Root WebApplicationContext: initialization completed in 1760 ms
17:28:49.200 [main] INFO  org.quartz.impl.StdSchedulerFactory - Using default implementation for ThreadExecutor
17:28:49.222 [main] INFO  org.quartz.core.SchedulerSignalerImpl - Initialized Scheduler Signaller of type: class org.quartz.core.SchedulerSignalerImpl
17:28:49.223 [main] INFO  org.quartz.core.QuartzScheduler - Quartz Scheduler v.2.3.2 created.
17:28:49.224 [main] INFO  org.quartz.simpl.RAMJobStore - RAMJobStore initialized.
17:28:49.225 [main] INFO  org.quartz.core.QuartzScheduler - Scheduler meta-data: Quartz Scheduler (v2.3.2) 'quartzScheduler' with instanceId 'NON_CLUSTERED'
  Scheduler class: 'org.quartz.core.QuartzScheduler' - running locally.
  NOT STARTED.
  Currently in standby mode.
  Number of jobs executed: 0
  Using thread pool 'org.quartz.simpl.SimpleThreadPool' - with 10 threads.
  Using job-store 'org.quartz.simpl.RAMJobStore' - which does not support persistence. and is not clustered.

17:28:49.226 [main] INFO  org.quartz.impl.StdSchedulerFactory - Quartz scheduler 'quartzScheduler' initialized from an externally provided properties instance.
17:28:49.226 [main] INFO  org.quartz.impl.StdSchedulerFactory - Quartz scheduler version: 2.3.2
17:28:49.226 [main] INFO  org.quartz.core.QuartzScheduler - JobFactory set to: org.springframework.scheduling.quartz.SpringBeanJobFactory@4f8b4bd0
17:28:49.393 [main] INFO  com.zaxxer.hikari.HikariDataSource - DateSourceHikariCP - Starting...
17:28:49.576 [main] INFO  com.zaxxer.hikari.HikariDataSource - DateSourceHikariCP - Start completed.
17:28:52.627 [main] INFO  org.apache.coyote.http11.Http11NioProtocol - Starting ProtocolHandler ["http-nio-8082"]
17:28:52.655 [main] INFO  org.springframework.boot.web.embedded.tomcat.TomcatWebServer - Tomcat started on port(s): 8082 (http) with context path ''
17:28:53.690 [main] INFO  org.springframework.scheduling.quartz.SchedulerFactoryBean - Starting Quartz Scheduler now
17:28:53.691 [main] INFO  org.quartz.core.QuartzScheduler - Scheduler quartzScheduler_$_NON_CLUSTERED started.
17:28:53.708 [main] INFO  com.mdd.admin.LikeAdminApplication - Started LikeAdminApplication in 7.57 seconds (JVM running for 8.17)
17:28:53.723 [main] INFO  com.mdd.admin.nail.config.RedisAutoStarter - Redis å·²åœ¨è¿è¡Œï¼ˆ127.0.0.1:6379ï¼‰ï¼Œè·³è¿‡è‡ªåŠ¨æ‹‰èµ·
17:29:54.550 [http-nio-8082-exec-1] INFO  org.apache.catalina.core.ContainerBase.[Tomcat].[localhost].[/] - Initializing Spring DispatcherServlet 'dispatcherServlet'
17:29:54.551 [http-nio-8082-exec-1] INFO  org.springframework.web.servlet.DispatcherServlet - Initializing Servlet 'dispatcherServlet'
17:29:54.553 [http-nio-8082-exec-1] INFO  org.springframework.web.servlet.DispatcherServlet - Completed initialization in 1 ms
