Spring Boot Version: 2.7.18
///////////////////////////////////////////////////////
//   _     _ _        _       _           _          //
//  | |   (_) | __   / \   __| |_ __ ___ (_)_ __     //
//  | |   | | |/ /  / _ \ / _` | '_ ` _ \| | '_ \    //
//  | |___| |   <  / ___ \ (_| | | | | | | | | | |   //
//  |_____|_|_|\_\/_/   \_\__,_|_| |_| |_|_|_| |_|   //
//   ^^^^^^^^^^^^^^^^^^^^^^^^^^^^^^^^^^^^^^^^^^^^    //
//       佛祖保佑       永不宕机      永无BUG         //
//////////////////////////////////////////////////////
19:21:02.102 [background-preinit] INFO  org.hibernate.validator.internal.util.Version - HV000001: Hibernate Validator 6.2.5.Final
19:21:02.136 [main] INFO  com.mdd.admin.LikeAdminApplication - Starting LikeAdminApplication using Java 21.0.6 on angle with PID 26780 (C:\Users\15367\Desktop\likeadmin_java-master\server\like-admin\target\like-admin-1.0.0.jar started by 15367 in C:\Users\15367\Desktop\likeadmin_java-master\server\like-admin)
19:21:02.141 [main] INFO  com.mdd.admin.LikeAdminApplication - The following 2 profiles are active: "dev", "local"
19:21:03.825 [main] INFO  org.springframework.boot.web.embedded.tomcat.TomcatWebServer - Tomcat initialized with port(s): 8082 (http)
19:21:03.830 [main] INFO  org.apache.coyote.http11.Http11NioProtocol - Initializing ProtocolHandler ["http-nio-8082"]
19:21:03.831 [main] INFO  org.apache.catalina.core.StandardService - Starting service [Tomcat]
19:21:03.831 [main] INFO  org.apache.catalina.core.StandardEngine - Starting Servlet engine: [Apache Tomcat/9.0.83]
19:21:03.891 [main] INFO  org.apache.catalina.core.ContainerBase.[Tomcat].[localhost].[/] - Initializing Spring embedded WebApplicationContext
19:21:03.891 [main] INFO  org.springframework.boot.web.servlet.context.ServletWebServerApplicationContext - Root WebApplicationContext: initialization completed in 1713 ms
19:21:04.793 [main] INFO  org.quartz.impl.StdSchedulerFactory - Using default implementation for ThreadExecutor
19:21:04.805 [main] INFO  org.quartz.core.SchedulerSignalerImpl - Initialized Scheduler Signaller of type: class org.quartz.core.SchedulerSignalerImpl
19:21:04.805 [main] INFO  org.quartz.core.QuartzScheduler - Quartz Scheduler v.2.3.2 created.
19:21:04.805 [main] INFO  org.quartz.simpl.RAMJobStore - RAMJobStore initialized.
19:21:04.806 [main] INFO  org.quartz.core.QuartzScheduler - Scheduler meta-data: Quartz Scheduler (v2.3.2) 'quartzScheduler' with instanceId 'NON_CLUSTERED'
  Scheduler class: 'org.quartz.core.QuartzScheduler' - running locally.
  NOT STARTED.
  Currently in standby mode.
  Number of jobs executed: 0
  Using thread pool 'org.quartz.simpl.SimpleThreadPool' - with 10 threads.
  Using job-store 'org.quartz.simpl.RAMJobStore' - which does not support persistence. and is not clustered.

19:21:04.806 [main] INFO  org.quartz.impl.StdSchedulerFactory - Quartz scheduler 'quartzScheduler' initialized from an externally provided properties instance.
19:21:04.806 [main] INFO  org.quartz.impl.StdSchedulerFactory - Quartz scheduler version: 2.3.2
19:21:04.806 [main] INFO  org.quartz.core.QuartzScheduler - JobFactory set to: org.springframework.scheduling.quartz.SpringBeanJobFactory@6892cc6f
19:21:04.931 [main] INFO  com.zaxxer.hikari.HikariDataSource - DateSourceHikariCP - Starting...
19:21:05.109 [main] INFO  com.zaxxer.hikari.HikariDataSource - DateSourceHikariCP - Start completed.
19:21:07.603 [main] INFO  org.apache.coyote.http11.Http11NioProtocol - Starting ProtocolHandler ["http-nio-8082"]
19:21:07.625 [main] INFO  org.springframework.boot.web.embedded.tomcat.TomcatWebServer - Tomcat started on port(s): 8082 (http) with context path ''
19:21:08.397 [main] INFO  org.springframework.scheduling.quartz.SchedulerFactoryBean - Starting Quartz Scheduler now
19:21:08.398 [main] INFO  org.quartz.core.QuartzScheduler - Scheduler quartzScheduler_$_NON_CLUSTERED started.
19:21:08.407 [main] INFO  com.mdd.admin.LikeAdminApplication - Started LikeAdminApplication in 6.634 seconds (JVM running for 7.234)
19:21:32.441 [http-nio-8082-exec-1] INFO  org.apache.catalina.core.ContainerBase.[Tomcat].[localhost].[/] - Initializing Spring DispatcherServlet 'dispatcherServlet'
19:21:32.442 [http-nio-8082-exec-1] INFO  org.springframework.web.servlet.DispatcherServlet - Initializing Servlet 'dispatcherServlet'
19:21:32.444 [http-nio-8082-exec-1] INFO  org.springframework.web.servlet.DispatcherServlet - Completed initialization in 2 ms
19:21:32.452 [http-nio-8082-exec-1] WARN  org.springframework.web.servlet.PageNotFound - No mapping for GET /
19:22:15.183 [http-nio-8082-exec-2] WARN  org.springframework.web.servlet.PageNotFound - No mapping for GET /
19:22:15.261 [http-nio-8082-exec-3] WARN  org.springframework.web.servlet.PageNotFound - No mapping for GET /favicon.ico
19:22:30.640 [http-nio-8082-exec-5] WARN  org.springframework.web.servlet.PageNotFound - No mapping for GET /
19:22:30.673 [http-nio-8082-exec-4] WARN  org.springframework.web.servlet.PageNotFound - No mapping for GET /favicon.ico
19:24:20.322 [http-nio-8082-exec-10] WARN  org.springframework.web.servlet.PageNotFound - No mapping for GET /
19:25:23.411 [http-nio-8082-exec-2] WARN  org.springframework.web.servlet.PageNotFound - No mapping for GET /
19:25:23.488 [http-nio-8082-exec-3] WARN  org.springframework.web.servlet.PageNotFound - No mapping for GET /favicon.ico
